
> ayncient@0.1.0 build
> next build

 ⚠ Invalid next.config.js options detected: 
 ⚠     Expected object, received boolean at "experimental.serverActions"
 ⚠ See more info here: https://nextjs.org/docs/messages/invalid-next-config
 ⚠ Server Actions are available by default now, `experimental.serverActions` option can be safely removed.
   ▲ Next.js 14.1.0

   Creating an optimized production build ...
 ✓ Compiled successfully
   Linting and checking validity of types ...
   Collecting page data ...
   Generating static pages (0/13) ...
   Generating static pages (3/13) 
   Generating static pages (6/13) 
   Generating static pages (9/13) 
 ✓ Generating static pages (13/13) 
   Finalizing page optimization ...
   Collecting build traces ...

Route (app)                              Size     First Load JS
┌ ○ /                                    1.06 kB        92.8 kB
├ ○ /_not-found                          885 B          85.1 kB
├ λ /api/save-result                     0 B                0 B
├ λ /api/waitlist                        0 B                0 B
├ ○ /dashboard                           144 B          84.4 kB
├ ○ /dashboard/check-in                  1.1 kB          148 kB
├ ○ /dashboard/journal                   144 B          84.4 kB
├ ○ /dashboard/protocols                 144 B          84.4 kB
├ ○ /quiz                                5.32 kB        97.1 kB
└ ○ /reset                               6.73 kB          91 kB
+ First Load JS shared by all            84.3 kB
  ├ chunks/69-6c8d6ca7adecad6e.js        28.9 kB
  ├ chunks/fd9d1056-0ff6f6be87ca9973.js  53.4 kB
  └ other shared chunks (total)          1.95 kB


○  (Static)   prerendered as static content
λ  (Dynamic)  server-rendered on demand using Node.js

